Microsoft (R) Macro Assembler Version 6.11		    05/12/18 21:23:37
tempfile.asm						     Page 1 - 1


 0000				DATAS SEGMENT
 0000 07			    x db 7
 0001 03			    y db 3
				    ;此处输入数据段代码  
 0002				DATAS ENDS

				;STACKS SEGMENT
				    ;此处输入堆栈段代码
				;STACKS ENDS

 0000				CODES SEGMENT
				    ASSUME CS:CODES,DS:DATAS;,SS:STACKS
 0000				START:
 0000  B8 ---- R		    MOV AX,DATAS
 0003  8E D8			    MOV DS,AX
				    
				    ;bl = x;cl = y
 0005  8A 1E 0000 R		    mov bl,x
 0009  8A 0E 0001 R		    mov cl,y
				    
				    ;ax = bl
 000D  8B C3			    mov ax,bx
				    
				    ;ax = ax / cl = bl / cl
 000F  F6 F9			    idiv cl
				    
				    ;ax = ax * 2
 0011  03 C0			    add ax,ax
				    
				    ;dx = ax
 0013  8A D0			    mov dl,al
				    
				    ;此处输入代码段代码
 0015  B8 4C00			    MOV AX,4C00H
 0018  CD 21			    INT 21H
 001A				CODES ENDS
				    END START




Microsoft (R) Macro Assembler Version 6.11		    05/12/18 21:23:37
tempfile.asm						     Symbols 2 - 1




Segments and Groups:

                N a m e                 Size     Length   Align   Combine Class

CODES  . . . . . . . . . . . . .	16 Bit	 001A	  Para	  Private 
DATAS  . . . . . . . . . . . . .	16 Bit	 0002	  Para	  Private 


Symbols:

                N a m e                 Type     Value    Attr

START  . . . . . . . . . . . . .	L Near	 0000	  CODES	
x  . . . . . . . . . . . . . . .	Byte	 0000	  DATAS	
y  . . . . . . . . . . . . . . .	Byte	 0001	  DATAS	

	   0 Warnings
	   0 Errors
